go build -ldflags "-X 'github.com/iotexproject/iotex-core/pkg/version.PackageVersion=v1.2.1-118-ge550705b' -X 'github.com/iotexproject/iotex-core/pkg/version.PackageCommitID=e550705bff14499609880c27bd80a74b7c49fd46' -X 'github.com/iotexproject/iotex-core/pkg/version.GitStatus="dirty"' -X 'github.com/iotexproject/iotex-core/pkg/version.GoVersion=go version go1.17.2 linux/amd64' -X 'github.com/iotexproject/iotex-core/pkg/version.BuildTime=2021-11-24-PST/22:47:50' -s -w" -o ./bin/minicluster -v ./tools/minicluster
./bin/minicluster
2021-11-24T22:47:51.850-0800	[34mINFO[0m	p2p/agent.go:180	p2p agent	{"topicSuffix": "e90b1dec19edb508fa09"}
2021-11-24T22:47:51.873-0800	[34mINFO[0m	blockchain/blockchain.go:419	Add a subscriber.
2021-11-24T22:47:51.940-0800	[34mINFO[0m	api/web3server_utils.go:542	local cache is used as API cache
2021-11-24T22:47:51.941-0800	[34mINFO[0m	p2p/agent.go:180	p2p agent	{"topicSuffix": "e90b1dec19edb508fa09"}
2021-11-24T22:47:51.961-0800	[34mINFO[0m	blockchain/blockchain.go:419	Add a subscriber.
2021-11-24T22:47:52.036-0800	[34mINFO[0m	api/web3server_utils.go:542	local cache is used as API cache
2021-11-24T22:47:52.036-0800	[34mINFO[0m	p2p/agent.go:180	p2p agent	{"topicSuffix": "e90b1dec19edb508fa09"}
2021-11-24T22:47:52.056-0800	[34mINFO[0m	blockchain/blockchain.go:419	Add a subscriber.
2021-11-24T22:47:52.167-0800	[34mINFO[0m	api/web3server_utils.go:542	local cache is used as API cache
2021-11-24T22:47:52.167-0800	[34mINFO[0m	p2p/agent.go:180	p2p agent	{"topicSuffix": "e90b1dec19edb508fa09"}
2021-11-24T22:47:52.188-0800	[34mINFO[0m	blockchain/blockchain.go:419	Add a subscriber.
2021-11-24T22:47:52.231-0800	[34mINFO[0m	api/web3server_utils.go:542	local cache is used as API cache
2021-11-24T22:47:52.253-0800	[34mINFO[0m	poll/lifelong_protocol.go:62	Creating genesis states for lifelong delegates protocol
2021-11-24T22:47:52.255-0800	[34mINFO[0m	poll/lifelong_protocol.go:62	Creating genesis states for lifelong delegates protocol
2021-11-24T22:47:52.278-0800	[34mINFO[0m	poll/lifelong_protocol.go:62	Creating genesis states for lifelong delegates protocol
2021-11-24T22:47:52.279-0800	[34mINFO[0m	poll/lifelong_protocol.go:62	Creating genesis states for lifelong delegates protocol
2021-11-24T22:47:52.290-0800	[34mINFO[0m	blockdao/blockdao.go:173	indexer is up to date.	{"indexer": 0, "height": 0}
2021-11-24T22:47:52.290-0800	[34mINFO[0m	blockdao/blockdao.go:173	indexer is up to date.	{"indexer": 1, "height": 0}
2021-11-24T22:47:52.290-0800	[34mINFO[0m	blockdao/blockdao.go:173	indexer is up to date.	{"indexer": 2, "height": 0}
2021-11-24T22:47:52.290-0800	[34mINFO[0m	consensus/consensus.go:189	Starting IotxConsensus scheme.	{"scheme": "ROLLDPOS"}
2021-11-24T22:47:52.290-0800	[34mINFO[0m	blockchain/blockchain.go:419	Add a subscriber.
2021-11-24T22:47:52.290-0800	[34mINFO[0m	blockchain/blockchain.go:419	Add a subscriber.
2021-11-24T22:47:52.290-0800	[34mINFO[0m	api/grpcserver.go:72	grpc server is listening.	{"addr": "[::]:14016"}
2021-11-24T22:47:52.292-0800	[34mINFO[0m	blockdao/blockdao.go:173	indexer is up to date.	{"indexer": 0, "height": 0}
2021-11-24T22:47:52.292-0800	[34mINFO[0m	blockdao/blockdao.go:173	indexer is up to date.	{"indexer": 1, "height": 0}
2021-11-24T22:47:52.293-0800	[34mINFO[0m	blockdao/blockdao.go:173	indexer is up to date.	{"indexer": 2, "height": 0}
2021-11-24T22:47:52.293-0800	[34mINFO[0m	consensus/consensus.go:189	Starting IotxConsensus scheme.	{"scheme": "ROLLDPOS"}
2021-11-24T22:47:52.293-0800	[34mINFO[0m	blockchain/blockchain.go:419	Add a subscriber.
2021-11-24T22:47:52.293-0800	[34mINFO[0m	blockchain/blockchain.go:419	Add a subscriber.
2021-11-24T22:47:52.293-0800	[34mINFO[0m	api/grpcserver.go:72	grpc server is listening.	{"addr": "[::]:14015"}
2021-11-24T22:47:52.293-0800	[34mINFO[0m	go-p2p@v0.3.3/p2p.go:375	P2p host started.	{"address": ["/ip4/172.24.106.216/tcp/4691/p2p/12D3KooWF26wrZh1wBpdPUV2Hf19JcPs7dKduEzGPazUMBALuGyJ", "/ip4/127.0.0.1/tcp/4691/p2p/12D3KooWF26wrZh1wBpdPUV2Hf19JcPs7dKduEzGPazUMBALuGyJ"], "secureIO": true, "gossip": true}
2021-11-24T22:47:52.295-0800	[31mERROR[0m	p2p/agent.go:572	Error happens, will retry.	{"error": "failed to dial 12D3KooWJwW6pUpTkxPTMv84RPLPMQVEAjZ6fvJuX4oZrvW5DAGQ:\n  * [/ip4/127.0.0.1/tcp/4689] dial tcp4 127.0.0.1:4689: connect: connection refused"}
github.com/iotexproject/iotex-core/p2p.exponentialRetry
	/home/haaai/iotex/iotex-core/p2p/agent.go:572
github.com/iotexproject/iotex-core/p2p.(*agent).connect.func1
	/home/haaai/iotex/iotex-core/p2p/agent.go:508
2021-11-24T22:47:52.295-0800	[34mINFO[0m	go-p2p@v0.3.3/p2p.go:375	P2p host started.	{"address": ["/ip4/172.24.106.216/tcp/4690/p2p/12D3KooWMg72Gy6U51UYkPFK4QVXQXL39qLjahhb7SrjLHpdBb6S", "/ip4/127.0.0.1/tcp/4690/p2p/12D3KooWMg72Gy6U51UYkPFK4QVXQXL39qLjahhb7SrjLHpdBb6S"], "secureIO": true, "gossip": true}
2021-11-24T22:47:52.296-0800	[31mERROR[0m	p2p/agent.go:572	Error happens, will retry.	{"error": "failed to dial 12D3KooWJwW6pUpTkxPTMv84RPLPMQVEAjZ6fvJuX4oZrvW5DAGQ:\n  * [/ip4/127.0.0.1/tcp/4689] dial tcp4 127.0.0.1:4689: connect: connection refused"}
github.com/iotexproject/iotex-core/p2p.exponentialRetry
	/home/haaai/iotex/iotex-core/p2p/agent.go:572
github.com/iotexproject/iotex-core/p2p.(*agent).connect.func1
	/home/haaai/iotex/iotex-core/p2p/agent.go:508
2021-11-24T22:47:52.299-0800	[34mINFO[0m	blockdao/blockdao.go:173	indexer is up to date.	{"indexer": 0, "height": 0}
2021-11-24T22:47:52.299-0800	[34mINFO[0m	blockdao/blockdao.go:173	indexer is up to date.	{"indexer": 1, "height": 0}
2021-11-24T22:47:52.299-0800	[34mINFO[0m	blockdao/blockdao.go:173	indexer is up to date.	{"indexer": 2, "height": 0}
2021-11-24T22:47:52.299-0800	[34mINFO[0m	consensus/consensus.go:189	Starting IotxConsensus scheme.	{"scheme": "ROLLDPOS"}
2021-11-24T22:47:52.300-0800	[34mINFO[0m	blockchain/blockchain.go:419	Add a subscriber.
2021-11-24T22:47:52.300-0800	[34mINFO[0m	blockchain/blockchain.go:419	Add a subscriber.
2021-11-24T22:47:52.300-0800	[34mINFO[0m	api/grpcserver.go:72	grpc server is listening.	{"addr": "[::]:14017"}
2021-11-24T22:47:52.301-0800	[34mINFO[0m	go-p2p@v0.3.3/p2p.go:375	P2p host started.	{"address": ["/ip4/172.24.106.216/tcp/4692/p2p/12D3KooWN4cZsSSp1M6ZdpsFagRijeSbdqDUX2aVSnGuyGZWErti", "/ip4/127.0.0.1/tcp/4692/p2p/12D3KooWN4cZsSSp1M6ZdpsFagRijeSbdqDUX2aVSnGuyGZWErti"], "secureIO": true, "gossip": true}
2021-11-24T22:47:52.301-0800	[31mERROR[0m	p2p/agent.go:572	Error happens, will retry.	{"error": "failed to dial 12D3KooWJwW6pUpTkxPTMv84RPLPMQVEAjZ6fvJuX4oZrvW5DAGQ:\n  * [/ip4/127.0.0.1/tcp/4689] dial tcp4 127.0.0.1:4689: connect: connection refused"}
github.com/iotexproject/iotex-core/p2p.exponentialRetry
	/home/haaai/iotex/iotex-core/p2p/agent.go:572
github.com/iotexproject/iotex-core/p2p.(*agent).connect.func1
	/home/haaai/iotex/iotex-core/p2p/agent.go:508
2021-11-24T22:47:52.301-0800	[34mINFO[0m	blockdao/blockdao.go:173	indexer is up to date.	{"indexer": 0, "height": 0}
2021-11-24T22:47:52.301-0800	[34mINFO[0m	blockdao/blockdao.go:173	indexer is up to date.	{"indexer": 1, "height": 0}
2021-11-24T22:47:52.301-0800	[34mINFO[0m	blockdao/blockdao.go:173	indexer is up to date.	{"indexer": 2, "height": 0}
2021-11-24T22:47:52.301-0800	[34mINFO[0m	consensus/consensus.go:189	Starting IotxConsensus scheme.	{"scheme": "ROLLDPOS"}
2021-11-24T22:47:52.301-0800	[34mINFO[0m	blockchain/blockchain.go:419	Add a subscriber.
2021-11-24T22:47:52.301-0800	[34mINFO[0m	blockchain/blockchain.go:419	Add a subscriber.
2021-11-24T22:47:52.301-0800	[34mINFO[0m	api/grpcserver.go:72	grpc server is listening.	{"addr": "[::]:14014"}
2021-11-24T22:47:52.302-0800	[34mINFO[0m	go-p2p@v0.3.3/p2p.go:375	P2p host started.	{"address": ["/ip4/172.24.106.216/tcp/4689/p2p/12D3KooWJwW6pUpTkxPTMv84RPLPMQVEAjZ6fvJuX4oZrvW5DAGQ", "/ip4/127.0.0.1/tcp/4689/p2p/12D3KooWJwW6pUpTkxPTMv84RPLPMQVEAjZ6fvJuX4oZrvW5DAGQ"], "secureIO": true, "gossip": true}
2021-11-24T22:47:52.302-0800	[34mINFO[0m	dispatcher/dispatcher.go:170	Starting dispatcher.
2021-11-24T22:47:53.237-0800	[34mINFO[0m	util/injectorutil.go:350	Created signed execution
2021-11-24T22:47:54.296-0800	[31mERROR[0m	p2p/agent.go:572	Error happens, will retry.	{"error": "failed to dial 12D3KooWJwW6pUpTkxPTMv84RPLPMQVEAjZ6fvJuX4oZrvW5DAGQ:\n  * [/ip4/127.0.0.1/tcp/4689] dial backoff"}
github.com/iotexproject/iotex-core/p2p.exponentialRetry
	/home/haaai/iotex/iotex-core/p2p/agent.go:572
github.com/iotexproject/iotex-core/p2p.(*agent).connect.func1
	/home/haaai/iotex/iotex-core/p2p/agent.go:508
2021-11-24T22:47:54.297-0800	[31mERROR[0m	p2p/agent.go:572	Error happens, will retry.	{"error": "failed to dial 12D3KooWJwW6pUpTkxPTMv84RPLPMQVEAjZ6fvJuX4oZrvW5DAGQ:\n  * [/ip4/127.0.0.1/tcp/4689] dial backoff"}
github.com/iotexproject/iotex-core/p2p.exponentialRetry
	/home/haaai/iotex/iotex-core/p2p/agent.go:572
github.com/iotexproject/iotex-core/p2p.(*agent).connect.func1
	/home/haaai/iotex/iotex-core/p2p/agent.go:508
2021-11-24T22:47:54.301-0800	[31mERROR[0m	p2p/agent.go:572	Error happens, will retry.	{"error": "failed to dial 12D3KooWJwW6pUpTkxPTMv84RPLPMQVEAjZ6fvJuX4oZrvW5DAGQ:\n  * [/ip4/127.0.0.1/tcp/4689] dial backoff"}
github.com/iotexproject/iotex-core/p2p.exponentialRetry
	/home/haaai/iotex/iotex-core/p2p/agent.go:572
github.com/iotexproject/iotex-core/p2p.(*agent).connect.func1
	/home/haaai/iotex/iotex-core/p2p/agent.go:508
found4
found4
found4
found4
found4
found4
2021-11-24T22:47:58.299-0800	[34mINFO[0m	p2p/agent.go:518	Connected bootstrap node.	{"address": "/ip4/127.0.0.1/tcp/4689/p2p/12D3KooWJwW6pUpTkxPTMv84RPLPMQVEAjZ6fvJuX4oZrvW5DAGQ"}
2021-11-24T22:47:58.299-0800	[34mINFO[0m	p2p/agent.go:518	Connected bootstrap node.	{"address": "/ip4/127.0.0.1/tcp/4689/p2p/12D3KooWJwW6pUpTkxPTMv84RPLPMQVEAjZ6fvJuX4oZrvW5DAGQ"}
2021-11-24T22:47:58.299-0800	[34mINFO[0m	dispatcher/dispatcher.go:170	Starting dispatcher.
2021-11-24T22:47:58.299-0800	[34mINFO[0m	dispatcher/dispatcher.go:170	Starting dispatcher.
found4
found4
found4
found4
found4
found4
found4
found4
found4
found4
found4
2021-11-24T22:47:58.303-0800	[34mINFO[0m	p2p/agent.go:518	Connected bootstrap node.	{"address": "/ip4/127.0.0.1/tcp/4689/p2p/12D3KooWJwW6pUpTkxPTMv84RPLPMQVEAjZ6fvJuX4oZrvW5DAGQ"}
2021-11-24T22:47:58.303-0800	[34mINFO[0m	dispatcher/dispatcher.go:170	Starting dispatcher.
found4
found4
found4
found4
found4
found4
2021-11-24T22:47:58.305-0800	[34mINFO[0m	factory/statedb.go:352	actpool size	{"size": 0}
2021-11-24T22:47:58.305-0800	[34mINFO[0m	blockchain/blockchain.go:405	minted blk size	{"size": 1}
found4
found4
found4
found4
found4
found4
2021-11-24T22:48:00.099-0800	[34mINFO[0m	blockchain/blockchain.go:491	commit blk size	{"size": 1}
2021-11-24T22:48:00.108-0800	[34mINFO[0m	blockchain/blockchain.go:491	commit blk size	{"size": 1}
2021-11-24T22:48:00.111-0800	[34mINFO[0m	blockchain/blockchain.go:491	commit blk size	{"size": 1}
2021-11-24T22:48:00.113-0800	[34mINFO[0m	blockchain/blockchain.go:491	commit blk size	{"size": 1}
2021-11-24T22:48:00.114-0800	[34mINFO[0m	factory/statedb.go:352	actpool size	{"size": 1}
2021-11-24T22:48:00.115-0800	[34mINFO[0m	blockchain/blockchain.go:405	minted blk size	{"size": 2}
2021-11-24T22:48:06.099-0800	[34mINFO[0m	blockchain/blockchain.go:491	commit blk size	{"size": 2}
2021-11-24T22:48:06.105-0800	[34mINFO[0m	blockchain/blockchain.go:491	commit blk size	{"size": 2}
2021-11-24T22:48:06.106-0800	[34mINFO[0m	blockchain/blockchain.go:491	commit blk size	{"size": 2}
2021-11-24T22:48:06.113-0800	[34mINFO[0m	factory/statedb.go:352	actpool size	{"size": 0}
2021-11-24T22:48:06.113-0800	[34mINFO[0m	blockchain/blockchain.go:405	minted blk size	{"size": 1}
2021-11-24T22:48:06.114-0800	[34mINFO[0m	blockchain/blockchain.go:491	commit blk size	{"size": 2}
2021-11-24T22:48:06.142-0800	[34mINFO[0m	minicluster/minicluster.go:272	Start action injections.
2021-11-24T22:48:12.086-0800	[34mINFO[0m	blockchain/blockchain.go:491	commit blk size	{"size": 1}
2021-11-24T22:48:12.092-0800	[34mINFO[0m	blockchain/blockchain.go:491	commit blk size	{"size": 1}
2021-11-24T22:48:12.096-0800	[34mINFO[0m	blockchain/blockchain.go:491	commit blk size	{"size": 1}
2021-11-24T22:48:12.099-0800	[34mINFO[0m	blockchain/blockchain.go:491	commit blk size	{"size": 1}
2021-11-24T22:48:12.116-0800	[34mINFO[0m	factory/statedb.go:352	actpool size	{"size": 11746}
2021-11-24T22:48:12.116-0800	[34mINFO[0m	blockchain/blockchain.go:405	minted blk size	{"size": 176}
2021-11-24T22:48:18.316-0800	[34mINFO[0m	blockchain/blockchain.go:491	commit blk size	{"size": 176}
2021-11-24T22:48:18.322-0800	[34mINFO[0m	blockchain/blockchain.go:491	commit blk size	{"size": 176}
2021-11-24T22:48:18.323-0800	[34mINFO[0m	blockchain/blockchain.go:491	commit blk size	{"size": 176}
2021-11-24T22:48:18.331-0800	[34mINFO[0m	blockchain/blockchain.go:491	commit blk size	{"size": 176}
2021-11-24T22:48:18.343-0800	[34mINFO[0m	factory/statedb.go:352	actpool size	{"size": 11999}
2021-11-24T22:48:18.343-0800	[34mINFO[0m	blockchain/blockchain.go:405	minted blk size	{"size": 10}
2021-11-24T22:48:22.291-0800	[34mINFO[0m	blocksync/blocksync.go:177	block sync intervals.	{"intervals": [{"Start":5,"End":24}], "targetHeight": 0}
2021-11-24T22:48:22.293-0800	[34mINFO[0m	blocksync/blocksync.go:177	block sync intervals.	{"intervals": [{"Start":5,"End":24}], "targetHeight": 0}
2021-11-24T22:48:22.300-0800	[34mINFO[0m	blocksync/blocksync.go:177	block sync intervals.	{"intervals": [{"Start":5,"End":24}], "targetHeight": 0}
2021-11-24T22:48:22.302-0800	[34mINFO[0m	blocksync/blocksync.go:177	block sync intervals.	{"intervals": [{"Start":5,"End":24}], "targetHeight": 0}
2021-11-24T22:48:24.076-0800	[34mINFO[0m	blockchain/blockchain.go:491	commit blk size	{"size": 10}
2021-11-24T22:48:24.091-0800	[34mINFO[0m	blockchain/blockchain.go:491	commit blk size	{"size": 10}
2021-11-24T22:48:24.097-0800	[34mINFO[0m	blockchain/blockchain.go:491	commit blk size	{"size": 10}
2021-11-24T22:48:24.098-0800	[34mINFO[0m	blockchain/blockchain.go:491	commit blk size	{"size": 10}
2021-11-24T22:48:24.397-0800	[34mINFO[0m	factory/statedb.go:352	actpool size	{"size": 13381}
2021-11-24T22:48:24.397-0800	[34mINFO[0m	blockchain/blockchain.go:405	minted blk size	{"size": 1902}
2021-11-24T22:48:30.352-0800	[34mINFO[0m	blockchain/blockchain.go:491	commit blk size	{"size": 1902}
2021-11-24T22:48:30.383-0800	[34mINFO[0m	blockchain/blockchain.go:491	commit blk size	{"size": 1902}
2021-11-24T22:48:30.398-0800	[34mINFO[0m	blockchain/blockchain.go:491	commit blk size	{"size": 1902}
2021-11-24T22:48:30.403-0800	[34mINFO[0m	blockchain/blockchain.go:491	commit blk size	{"size": 1902}
2021-11-24T22:48:30.426-0800	[34mINFO[0m	factory/statedb.go:352	actpool size	{"size": 10518}
2021-11-24T22:48:30.426-0800	[34mINFO[0m	blockchain/blockchain.go:405	minted blk size	{"size": 23}
2021-11-24T22:48:36.073-0800	[34mINFO[0m	blockchain/blockchain.go:491	commit blk size	{"size": 23}
2021-11-24T22:48:36.084-0800	[34mINFO[0m	blockchain/blockchain.go:491	commit blk size	{"size": 23}
2021-11-24T22:48:36.095-0800	[34mINFO[0m	blockchain/blockchain.go:491	commit blk size	{"size": 23}
2021-11-24T22:48:36.096-0800	[34mINFO[0m	blockchain/blockchain.go:491	commit blk size	{"size": 23}
2021-11-24T22:48:36.119-0800	[34mINFO[0m	factory/statedb.go:352	actpool size	{"size": 10365}
2021-11-24T22:48:36.120-0800	[34mINFO[0m	blockchain/blockchain.go:405	minted blk size	{"size": 25}
2021-11-24T22:48:42.082-0800	[34mINFO[0m	blockchain/blockchain.go:491	commit blk size	{"size": 25}
2021-11-24T22:48:42.083-0800	[34mINFO[0m	blockchain/blockchain.go:491	commit blk size	{"size": 25}
2021-11-24T22:48:42.090-0800	[34mINFO[0m	blockchain/blockchain.go:491	commit blk size	{"size": 25}
2021-11-24T22:48:42.095-0800	[34mINFO[0m	blockchain/blockchain.go:491	commit blk size	{"size": 25}
2021-11-24T22:48:42.106-0800	[34mINFO[0m	factory/statedb.go:352	actpool size	{"size": 10745}
2021-11-24T22:48:42.106-0800	[34mINFO[0m	blockchain/blockchain.go:405	minted blk size	{"size": 28}
2021-11-24T22:48:48.069-0800	[34mINFO[0m	blockchain/blockchain.go:491	commit blk size	{"size": 28}
2021-11-24T22:48:48.080-0800	[34mINFO[0m	blockchain/blockchain.go:491	commit blk size	{"size": 28}
2021-11-24T22:48:48.082-0800	[34mINFO[0m	blockchain/blockchain.go:491	commit blk size	{"size": 28}
2021-11-24T22:48:48.084-0800	[34mINFO[0m	blockchain/blockchain.go:491	commit blk size	{"size": 28}
2021-11-24T22:48:48.101-0800	[34mINFO[0m	factory/statedb.go:352	actpool size	{"size": 10639}
2021-11-24T22:48:48.102-0800	[34mINFO[0m	blockchain/blockchain.go:405	minted blk size	{"size": 41}
2021-11-24T22:48:52.291-0800	[34mINFO[0m	blocksync/blocksync.go:177	block sync intervals.	{"intervals": [{"Start":10,"End":29}], "targetHeight": 0}
2021-11-24T22:48:52.293-0800	[34mINFO[0m	blocksync/blocksync.go:177	block sync intervals.	{"intervals": [{"Start":10,"End":29}], "targetHeight": 0}
2021-11-24T22:48:52.301-0800	[34mINFO[0m	blocksync/blocksync.go:177	block sync intervals.	{"intervals": [{"Start":10,"End":29}], "targetHeight": 0}
2021-11-24T22:48:52.302-0800	[34mINFO[0m	blocksync/blocksync.go:177	block sync intervals.	{"intervals": [{"Start":10,"End":29}], "targetHeight": 0}
2021-11-24T22:48:54.077-0800	[34mINFO[0m	blockchain/blockchain.go:491	commit blk size	{"size": 41}
2021-11-24T22:48:54.084-0800	[34mINFO[0m	blockchain/blockchain.go:491	commit blk size	{"size": 41}
2021-11-24T22:48:54.085-0800	[34mINFO[0m	blockchain/blockchain.go:491	commit blk size	{"size": 41}
2021-11-24T22:48:54.086-0800	[34mINFO[0m	blockchain/blockchain.go:491	commit blk size	{"size": 41}
2021-11-24T22:48:54.103-0800	[34mINFO[0m	factory/statedb.go:352	actpool size	{"size": 10954}
2021-11-24T22:48:54.103-0800	[34mINFO[0m	blockchain/blockchain.go:405	minted blk size	{"size": 25}
2021-11-24T22:49:00.079-0800	[34mINFO[0m	blockchain/blockchain.go:491	commit blk size	{"size": 25}
2021-11-24T22:49:00.081-0800	[34mINFO[0m	blockchain/blockchain.go:491	commit blk size	{"size": 25}
2021-11-24T22:49:00.082-0800	[34mINFO[0m	blockchain/blockchain.go:491	commit blk size	{"size": 25}
2021-11-24T22:49:00.088-0800	[34mINFO[0m	blockchain/blockchain.go:491	commit blk size	{"size": 25}
2021-11-24T22:49:00.416-0800	[34mINFO[0m	factory/statedb.go:352	actpool size	{"size": 12192}
2021-11-24T22:49:00.416-0800	[34mINFO[0m	blockchain/blockchain.go:405	minted blk size	{"size": 1902}
2021-11-24T22:49:06.362-0800	[34mINFO[0m	blockchain/blockchain.go:491	commit blk size	{"size": 1902}
2021-11-24T22:49:06.379-0800	[34mINFO[0m	blockchain/blockchain.go:491	commit blk size	{"size": 1902}
2021-11-24T22:49:06.388-0800	[34mINFO[0m	blockchain/blockchain.go:491	commit blk size	{"size": 1902}
2021-11-24T22:49:06.391-0800	[34mINFO[0m	blockchain/blockchain.go:491	commit blk size	{"size": 1902}
2021-11-24T22:49:06.421-0800	[34mINFO[0m	factory/statedb.go:352	actpool size	{"size": 9539}
2021-11-24T22:49:06.421-0800	[34mINFO[0m	blockchain/blockchain.go:405	minted blk size	{"size": 66}
